#./src/main/resources/Entities.map
#Sun Nov 25 16:00:31 CET 2018
messageAd1InCus1=7040
messageAd1Out=7039
messageSpo1Out=7111
configuration1=6942
endorsement5=6970
endorsement4=6969
endorsement3=6968
endorsement2=6967
sponsorShip4=7089
endorsement1=6966
sponsorShip3=7088
sponsorShip2=7087
sponsorShip1=7086
messageBoxHw-trashbox3=7009
messageBoxHw-trashbox2=7005
messageBoxHw-trashbox1=7001
messageHw2InHw3=7110
messageHw2InHw1=7109
messageBoxRef-spambox3=7038
messageBoxRef-spambox2=7034
messageBoxRef-spambox1=7030
messageAd1InHw1=7041
customer=6943
warranty6=7095
category22=6941
warranty5=7094
category21=6940
warranty4=7093
category20=6939
warranty3=7092
warranty2=7091
warranty1=7090
messageSpo1InHw1=7112
SocialProfileSpo4=7077
messageBoxSpo-spambox4=7026
SocialProfileSpo3=7076
messageBoxSpo-spambox3=7022
SocialProfileSpo2=7075
messageBoxSpo-spambox2=7018
SocialProfileSpo1=7074
messageBoxSpo-spambox1=7014
messageBoxRef-inbox3=7035
messageBoxRef-inbox2=7031
endorserRecord4=6971
messageBoxRef-inbox1=7027
category19=6938
endorserRecord3=6959
category18=6937
endorserRecord2=6951
category17=6936
endorserRecord1=6950
category16=6935
application7=7131
messageBoxCus-outbox5=6996
category15=6934
application6=7130
messageWelcomeInSpo1=7053
messageBoxCus-outbox4=6992
category14=6933
application5=7129
customer5=6947
messageBoxCus-outbox3=6988
category13=6932
application4=7128
customer4=6946
messageBoxCus-outbox2=6984
category12=6931
application3=7127
customer3=6945
messageBoxCus-outbox1=6980
category11=6930
application2=7126
customer2=6944
messageBoxAd-inbox1=6975
category10=6929
application1=7125
messageSpamInRef1=7121
section5=7070
section4=7069
section3=7068
section2=7067
section1=7066
userAccount17=6918
userAccount16=6917
userAccount15=6916
userAccount14=6915
userAccount13=6914
userAccount12=6913
fixUpTask6=7104
messageBoxHw-inbox3=7007
userAccount11=6912
tutorial3=7124
fixUpTask5=7103
messageBoxHw-inbox2=7003
userAccount10=6911
tutorial2=7123
fixUpTask4=7102
messageBoxHw-inbox1=6999
tutorial1=7122
fixUpTask3=7101
fixUpTask2=7100
fixUpTask1=7099
SocialProfileRef3=7080
SocialProfileRef2=7079
SocialProfileRef1=7078
report3=7056
report2=7055
report1=7054
messageWelcomeInRef1=7052
messageBoxCus-trashbox5=6997
messageBoxCus-trashbox4=6993
messageBoxCus-trashbox3=6989
messageBoxCus-trashbox2=6985
messageBoxCus-trashbox1=6981
messageHw1Out=7105
SocialProfileHw1=7081
educationRecord4=6965
educationRecord3=6958
educationRecord2=6957
educationRecord1=6949
messageBoxAd-spambox1=6978
SocialProfileAd1=7071
messageCus1Out=7042
messageWelcomeInHw3=7051
messageWelcomeInHw2=7050
messageWelcomeInHw1=7049
messageCus2InCus1=7045
messageBoxRef-trashbox3=7037
messageBoxRef-trashbox2=7033
messageBoxRef-trashbox1=7029
messageBoxRef-outbox3=7036
messageBoxRef-outbox2=7032
messageBoxRef-outbox1=7028
finder3=6974
finder2=6973
finder1=6972
messageBoxSpo-inbox4=7023
messageBoxSpo-inbox3=7019
sponsor4=7085
note3=7059
messageBoxSpo-inbox2=7015
sponsor3=7084
note2=7058
messageWelcomeOut=7046
messageBoxSpo-inbox1=7011
sponsor2=7083
note1=7057
sponsor1=7082
professionalRecord4=6963
messageCus1InCus2=7043
messageHw2Out=7108
professionalRecord3=6962
professionalRecord2=6955
professionalRecord1=6954
phase3=7062
phase2=7061
phase1=7060
messageRef1InAdm1=7114
messageBoxCus-spambox5=6998
messageBoxCus-spambox4=6994
messageBoxCus-spambox3=6990
messageBoxCus-spambox2=6986
messageBoxCus-spambox1=6982
curriculum3=6964
curriculum2=6956
curriculum1=6948
messageBoxSpo-outbox4=7024
messageBoxSpo-outbox3=7020
messageBoxSpo-outbox2=7016
messageBoxSpo-outbox1=7012
messageRef1Out=7113
messageCus2Out=7044
referee3=7065
referee2=7064
referee1=7063
messageHw1InHw3=7107
messageHw1InHw2=7106
userAccount9=6910
userAccount8=6909
userAccount7=6908
messageBoxCus-inbox5=6995
messageSpamInCus2=7117
userAccount6=6907
messageBoxCus-inbox4=6991
messageSpamInCus1=7116
userAccount5=6906
messageBoxCus-inbox3=6987
miscellaneousRecord4=6961
userAccount4=6905
messageBoxCus-inbox2=6983
miscellaneousRecord3=6960
userAccount3=6904
messageBoxCus-inbox1=6979
miscellaneousRecord2=6953
userAccount2=6903
handyworker3=7098
miscellaneousRecord1=6952
userAccount1=6902
handyworker2=7097
handyworker1=7096
messageBoxAd-trashbox1=6977
category9=6928
category8=6927
category7=6926
category6=6925
category5=6924
category4=6923
messageBoxHw-outbox3=7008
category3=6922
messageBoxHw-outbox2=7004
category2=6921
messageBoxHw-outbox1=7000
category1=6920
SocialProfileCus2=7073
SocialProfileCus1=7072
admin1=6919
messageWelcomeInCus2=7048
messageWelcomeInCus1=7047
complaint7=7137
complaint6=7136
complaint5=7135
messageBoxSpo-trashbox4=7025
complaint3=7134
messageSpamOut=7115
messageBoxSpo-trashbox3=7021
complaint2=7133
messageBoxSpo-trashbox2=7017
complaint1=7132
messageBoxHw-spambox3=7010
messageBoxSpo-trashbox1=7013
messageBoxHw-spambox2=7006
messageSpamInHw3=7120
messageBoxHw-spambox1=7002
messageSpamInHw2=7119
messageBoxAd-outbox1=6976
messageSpamInHw1=7118
