#./src/main/resources/Entities.map
#Thu Nov 29 14:11:22 CET 2018
messageAd1InCus1=8145
messageAd1Out=8144
messageSpo1Out=8225
configuration1=8047
sponsorship4=8194
sponsorship3=8193
sponsorship2=8192
sponsorship1=8191
endorsement5=8075
endorsement4=8074
endorsement3=8073
endorsement2=8072
endorsement1=8071
messageBoxHw-trashbox3=8114
messageBoxHw-trashbox2=8110
fixUpTask15=8218
messageBoxHw-trashbox1=8106
fixUpTask14=8217
fixUpTask13=8216
fixUpTask12=8215
messageHw2InHw3=8224
fixUpTask11=8214
fixUpTask10=8213
messageHw2InHw1=8223
messageBoxRef-spambox3=8143
messageBoxRef-spambox2=8139
messageBoxRef-spambox1=8135
messageAd1InHw1=8146
customer=8048
warranty6=8200
category22=8046
warranty5=8199
category21=8045
warranty4=8198
category20=8044
warranty3=8197
warranty2=8196
warranty1=8195
messageSpo1InHw1=8226
SocialProfileSpo4=8182
messageBoxSpo-spambox4=8131
SocialProfileSpo3=8181
messageBoxSpo-spambox3=8127
SocialProfileSpo2=8180
messageBoxSpo-spambox2=8123
SocialProfileSpo1=8179
messageBoxSpo-spambox1=8119
messageBoxRef-inbox3=8140
messageBoxRef-inbox2=8136
endorserRecord4=8076
messageBoxRef-inbox1=8132
category19=8043
endorserRecord3=8064
category18=8042
application9=8247
endorserRecord2=8056
category17=8041
application8=8246
endorserRecord1=8055
category16=8040
application7=8245
messageBoxCus-outbox5=8101
category15=8039
application6=8244
messageWelcomeInSpo1=8158
messageBoxCus-outbox4=8097
category14=8038
application5=8243
customer5=8052
messageBoxCus-outbox3=8093
category13=8037
application4=8242
customer4=8051
messageBoxCus-outbox2=8089
category12=8036
application3=8241
customer3=8050
messageBoxCus-outbox1=8085
category11=8035
application2=8240
customer2=8049
messageBoxAd-inbox1=8080
category10=8034
application1=8239
messageSpamInRef1=8235
section5=8175
section4=8174
section3=8173
section2=8172
section1=8171
userAccount17=8023
userAccount16=8022
userAccount15=8021
fixUpTask9=8212
userAccount14=8020
fixUpTask8=8211
userAccount13=8019
fixUpTask7=8210
userAccount12=8018
fixUpTask6=8209
messageBoxHw-inbox3=8112
userAccount11=8017
tutorial3=8238
fixUpTask5=8208
messageBoxHw-inbox2=8108
userAccount10=8016
tutorial2=8237
fixUpTask4=8207
messageBoxHw-inbox1=8104
tutorial1=8236
fixUpTask3=8206
fixUpTask2=8205
fixUpTask1=8204
SocialProfileRef3=8185
SocialProfileRef2=8184
SocialProfileRef1=8183
report3=8161
report2=8160
report1=8159
messageWelcomeInRef1=8157
messageBoxCus-trashbox5=8102
messageBoxCus-trashbox4=8098
messageBoxCus-trashbox3=8094
messageBoxCus-trashbox2=8090
messageBoxCus-trashbox1=8086
messageHw1Out=8219
SocialProfileHw1=8186
educationRecord4=8070
educationRecord3=8063
educationRecord2=8062
educationRecord1=8054
messageBoxAd-spambox1=8083
SocialProfileAd1=8176
messageCus1Out=8147
messageWelcomeInHw3=8156
messageWelcomeInHw2=8155
messageWelcomeInHw1=8154
messageCus2InCus1=8150
messageBoxRef-trashbox3=8142
messageBoxRef-trashbox2=8138
messageBoxRef-trashbox1=8134
messageBoxRef-outbox3=8141
messageBoxRef-outbox2=8137
messageBoxRef-outbox1=8133
finder3=8079
finder2=8078
finder1=8077
messageBoxSpo-inbox4=8128
messageBoxSpo-inbox3=8124
sponsor4=8190
note3=8164
messageBoxSpo-inbox2=8120
sponsor3=8189
note2=8163
messageWelcomeOut=8151
messageBoxSpo-inbox1=8116
sponsor2=8188
note1=8162
sponsor1=8187
professionalRecord4=8068
messageCus1InCus2=8148
messageHw2Out=8222
professionalRecord3=8067
professionalRecord2=8060
professionalRecord1=8059
phase3=8167
phase2=8166
phase1=8165
messageRef1InAdm1=8228
messageBoxCus-spambox5=8103
messageBoxCus-spambox4=8099
messageBoxCus-spambox3=8095
messageBoxCus-spambox2=8091
messageBoxCus-spambox1=8087
curriculum3=8069
curriculum2=8061
curriculum1=8053
messageBoxSpo-outbox4=8129
messageBoxSpo-outbox3=8125
messageBoxSpo-outbox2=8121
messageBoxSpo-outbox1=8117
messageRef1Out=8227
messageCus2Out=8149
referee3=8170
referee2=8169
referee1=8168
messageHw1InHw3=8221
messageHw1InHw2=8220
userAccount9=8015
userAccount8=8014
userAccount7=8013
messageBoxCus-inbox5=8100
messageSpamInCus2=8231
userAccount6=8012
messageBoxCus-inbox4=8096
messageSpamInCus1=8230
userAccount5=8011
messageBoxCus-inbox3=8092
miscellaneousRecord4=8066
userAccount4=8010
messageBoxCus-inbox2=8088
miscellaneousRecord3=8065
userAccount3=8009
messageBoxCus-inbox1=8084
miscellaneousRecord2=8058
userAccount2=8008
handyworker3=8203
miscellaneousRecord1=8057
userAccount1=8007
handyworker2=8202
handyworker1=8201
messageBoxAd-trashbox1=8082
category9=8033
category8=8032
category7=8031
category6=8030
category5=8029
category4=8028
messageBoxHw-outbox3=8113
category3=8027
messageBoxHw-outbox2=8109
category2=8026
messageBoxHw-outbox1=8105
category1=8025
SocialProfileCus2=8178
SocialProfileCus1=8177
admin1=8024
messageWelcomeInCus2=8153
messageWelcomeInCus1=8152
complaint7=8253
complaint6=8252
complaint5=8251
messageBoxSpo-trashbox4=8130
complaint3=8250
messageSpamOut=8229
messageBoxSpo-trashbox3=8126
complaint2=8249
messageBoxSpo-trashbox2=8122
complaint1=8248
messageBoxHw-spambox3=8115
messageBoxSpo-trashbox1=8118
messageBoxHw-spambox2=8111
messageSpamInHw3=8234
messageBoxHw-spambox1=8107
messageSpamInHw2=8233
messageBoxAd-outbox1=8081
messageSpamInHw1=8232
